12/23/2024 17:24.18|&nbsp&nbsp&nbsp id=biology >>>>> 
12/23/2024 17:23.33|&nbsp&nbsp&nbsp log=path >>>>> php?id=biology
12/23/2024 17:17.39|&nbsp&nbsp&nbsp id=biology >>>>> php?id=biology
12/23/2024 17:17.31|&nbsp&nbsp&nbsp id=biology >>>>> php?id=biology
12/23/2024 17:17.21|&nbsp&nbsp&nbsp id=biology >>>>> php?id=biology
12/23/2024 17:17.14|&nbsp&nbsp&nbsp id=biology >>>>> php?id=biology
12/23/2024 17:17.08|&nbsp&nbsp&nbsp id=biology >>>>> php?id=biology
12/23/2024 17:17.02|&nbsp&nbsp&nbsp id=biology >>>>> php?id=biology
12/23/2024 17:16.55|&nbsp&nbsp&nbsp id=biology >>>>> php?id=biology
12/23/2024 17:16.53|&nbsp&nbsp&nbsp id=biology >>>>> php?id=geography
12/23/2024 17:16.51|&nbsp&nbsp&nbsp id=geography >>>>> php?id=geography
12/23/2024 17:16.44|&nbsp&nbsp&nbsp id=geography >>>>> php?id=geography
12/23/2024 17:16.39|&nbsp&nbsp&nbsp id=geography >>>>> php?id=geography
12/23/2024 17:16.33|&nbsp&nbsp&nbsp id=geography >>>>> php?id=geography
12/23/2024 17:16.28|&nbsp&nbsp&nbsp id=geography >>>>> php?id=geography
12/23/2024 17:16.22|&nbsp&nbsp&nbsp id=geography >>>>> php?id=geography
12/23/2024 17:16.18|&nbsp&nbsp&nbsp id=geography >>>>> php
12/23/2024 17:16.13|&nbsp&nbsp&nbsp  >>>>> php
12/23/2024 17:15.50|&nbsp&nbsp&nbsp  >>>>> php
12/23/2024 17:15.03|&nbsp&nbsp&nbsp  >>>>> php
12/23/2024 17:14.31|&nbsp&nbsp&nbsp  >>>>> php
12/23/2024 17:14.23|&nbsp&nbsp&nbsp  >>>>> php
12/23/2024 17:14.13|&nbsp&nbsp&nbsp  >>>>> 
12/23/2024 17:14.06|&nbsp&nbsp&nbsp  >>>>> 
12/23/2024 17:14.05|&nbsp&nbsp&nbsp  >>>>> 
12/23/2024 17:14.03|&nbsp&nbsp&nbsp  >>>>> 
12/23/2024 17:13.59|&nbsp&nbsp&nbsp  >>>>> 
12/23/2024 17:13.50|&nbsp&nbsp&nbsp  >>>>> 
10/07/2024 13:59.23|&nbsp&nbsp&nbsp  >>>>> 
10/04/2024 13:52.40|&nbsp&nbsp&nbsp  >>>>> 
10/04/2024 13:52.05|&nbsp&nbsp&nbsp log=path >>>>> php?id=biology
10/04/2024 13:51.58|&nbsp&nbsp&nbsp id=biology >>>>> php?id=biology
10/04/2024 13:51.55|&nbsp&nbsp&nbsp id=biology >>>>> php?id=biology
10/04/2024 13:51.49|&nbsp&nbsp&nbsp id=biology >>>>> php?id=biology
10/04/2024 13:51.46|&nbsp&nbsp&nbsp id=biology >>>>> php?id=biology
10/04/2024 13:51.44|&nbsp&nbsp&nbsp id=biology >>>>> php?id=biology
10/04/2024 13:51.42|&nbsp&nbsp&nbsp id=biology >>>>> php?id=biology
10/04/2024 13:51.40|&nbsp&nbsp&nbsp id=biology >>>>> php?id=biology
10/04/2024 13:51.39|&nbsp&nbsp&nbsp id=biology >>>>> php?id=biology
10/04/2024 13:51.34|&nbsp&nbsp&nbsp id=biology >>>>> php?id=biology
10/04/2024 13:51.33|&nbsp&nbsp&nbsp id=biology >>>>> php?id=biology
10/04/2024 13:51.31|&nbsp&nbsp&nbsp id=biology >>>>> php?id=biology
10/04/2024 13:51.27|&nbsp&nbsp&nbsp id=biology >>>>> php?id=biology
10/04/2024 13:51.25|&nbsp&nbsp&nbsp id=biology >>>>> php?id=biology
10/04/2024 13:51.23|&nbsp&nbsp&nbsp id=biology >>>>> php?id=biology
10/04/2024 13:51.18|&nbsp&nbsp&nbsp id=biology >>>>> php?id=biology
10/04/2024 13:51.17|&nbsp&nbsp&nbsp id=biology >>>>> php?id=biology
10/04/2024 13:51.15|&nbsp&nbsp&nbsp id=biology >>>>> php?id=biology
10/04/2024 13:51.14|&nbsp&nbsp&nbsp id=biology >>>>> php?id=biology
10/04/2024 13:51.12|&nbsp&nbsp&nbsp id=biology >>>>> php?id=biology
10/04/2024 13:51.09|&nbsp&nbsp&nbsp id=biology >>>>> php?id=biology
10/04/2024 13:51.07|&nbsp&nbsp&nbsp id=biology >>>>> php?id=biology
10/04/2024 13:51.05|&nbsp&nbsp&nbsp id=biology >>>>> php?id=biology
10/04/2024 13:51.02|&nbsp&nbsp&nbsp id=biology >>>>> php?id=biology
10/04/2024 13:51.01|&nbsp&nbsp&nbsp id=biology >>>>> php?id=biology
10/04/2024 13:50.59|&nbsp&nbsp&nbsp id=biology >>>>> php?id=biology
10/04/2024 13:50.56|&nbsp&nbsp&nbsp id=biology >>>>> php?id=biology
10/04/2024 13:50.50|&nbsp&nbsp&nbsp id=biology >>>>> php?id=biology
10/04/2024 13:50.48|&nbsp&nbsp&nbsp id=biology >>>>> php?id=biology
10/04/2024 13:50.47|&nbsp&nbsp&nbsp id=biology >>>>> php?id=biology
10/04/2024 13:50.44|&nbsp&nbsp&nbsp id=biology >>>>> php?id=biology
10/04/2024 13:50.42|&nbsp&nbsp&nbsp id=biology >>>>> php?id=biology
10/04/2024 13:50.41|&nbsp&nbsp&nbsp id=biology >>>>> php?id=biology
10/04/2024 13:50.38|&nbsp&nbsp&nbsp id=biology >>>>> php?id=biology
10/04/2024 13:50.35|&nbsp&nbsp&nbsp id=biology >>>>> php?id=biology
10/04/2024 13:50.31|&nbsp&nbsp&nbsp id=biology >>>>> php?id=biology
10/04/2024 13:50.29|&nbsp&nbsp&nbsp id=biology >>>>> php?id=biology
10/04/2024 13:50.24|&nbsp&nbsp&nbsp id=biology >>>>> php?id=biology
10/04/2024 13:50.23|&nbsp&nbsp&nbsp id=biology >>>>> php?id=biology
10/04/2024 13:50.20|&nbsp&nbsp&nbsp id=biology >>>>> php?id=biology
10/04/2024 13:50.19|&nbsp&nbsp&nbsp id=biology >>>>> php?id=biology
10/04/2024 13:50.15|&nbsp&nbsp&nbsp id=biology >>>>> php?id=biology
10/04/2024 13:50.13|&nbsp&nbsp&nbsp id=biology >>>>> php?id=biology
10/04/2024 13:50.10|&nbsp&nbsp&nbsp id=biology >>>>> php?id=biology
10/04/2024 13:50.07|&nbsp&nbsp&nbsp id=biology >>>>> php?id=biology
10/04/2024 13:50.05|&nbsp&nbsp&nbsp id=biology >>>>> php?id=biology
10/04/2024 13:50.03|&nbsp&nbsp&nbsp id=biology >>>>> php?id=biology
10/04/2024 13:50.00|&nbsp&nbsp&nbsp id=biology >>>>> php?id=biology
10/04/2024 13:49.58|&nbsp&nbsp&nbsp id=biology >>>>> php?id=biology
10/04/2024 13:49.55|&nbsp&nbsp&nbsp id=biology >>>>> php?id=biology
10/04/2024 13:49.37|&nbsp&nbsp&nbsp id=biology >>>>> php?id=biology
10/04/2024 13:49.28|&nbsp&nbsp&nbsp id=biology >>>>> php?id=biology
10/04/2024 13:49.24|&nbsp&nbsp&nbsp id=biology >>>>> php?id=biology
10/04/2024 13:49.20|&nbsp&nbsp&nbsp id=biology >>>>> php?id=biology
10/04/2024 13:49.14|&nbsp&nbsp&nbsp id=biology >>>>> php?id=biology
10/04/2024 13:49.08|&nbsp&nbsp&nbsp id=biology >>>>> php?id=biology
10/04/2024 13:49.05|&nbsp&nbsp&nbsp id=biology >>>>> php?id=geography
10/04/2024 13:49.03|&nbsp&nbsp&nbsp id=geography >>>>> php?id=geography
10/04/2024 13:48.59|&nbsp&nbsp&nbsp id=geography >>>>> php?id=geography
10/04/2024 13:48.55|&nbsp&nbsp&nbsp id=geography >>>>> php?id=geography
10/04/2024 13:48.51|&nbsp&nbsp&nbsp id=geography >>>>> php?id=geography
10/04/2024 13:48.48|&nbsp&nbsp&nbsp id=geography >>>>> php?id=geography
10/04/2024 13:48.43|&nbsp&nbsp&nbsp id=geography >>>>> php?id=geography
10/04/2024 13:48.39|&nbsp&nbsp&nbsp id=geography >>>>> php?id=geography
10/04/2024 13:48.36|&nbsp&nbsp&nbsp id=geography >>>>> php?id=geography
10/04/2024 13:48.34|&nbsp&nbsp&nbsp id=geography >>>>> php
10/04/2024 13:48.32|&nbsp&nbsp&nbsp  >>>>> php
10/04/2024 13:48.25|&nbsp&nbsp&nbsp  >>>>> php
10/04/2024 13:48.09|&nbsp&nbsp&nbsp  >>>>> php
10/04/2024 13:47.45|&nbsp&nbsp&nbsp  >>>>> php
10/04/2024 13:47.39|&nbsp&nbsp&nbsp  >>>>> php
10/04/2024 13:47.34|&nbsp&nbsp&nbsp  >>>>> 
10/04/2024 13:23.03|&nbsp&nbsp&nbsp log=path >>>>> php?id=biology
10/04/2024 13:23.02|&nbsp&nbsp&nbsp id=biology >>>>> php?id=geography
10/04/2024 13:23.01|&nbsp&nbsp&nbsp id=geography >>>>> php?log=path
08/15/2024 12:59.59|&nbsp&nbsp&nbsp  >>>>> 
08/14/2024 16:53.11|&nbsp&nbsp&nbsp log=path >>>>> php?id=biology
08/14/2024 16:53.08|&nbsp&nbsp&nbsp id=biology >>>>> php?id=geography
08/14/2024 16:53.07|&nbsp&nbsp&nbsp id=geography >>>>> php?id=math
08/14/2024 16:42.57|&nbsp&nbsp&nbsp id=math >>>>> php?id=biology
08/14/2024 16:42.54|&nbsp&nbsp&nbsp id=biology >>>>> php?id=biology
08/14/2024 16:42.53|&nbsp&nbsp&nbsp id=biology >>>>> php?id=biology
08/14/2024 16:42.51|&nbsp&nbsp&nbsp id=biology >>>>> php?id=geography
08/14/2024 16:42.49|&nbsp&nbsp&nbsp id=geography >>>>> php?id=math
08/14/2024 16:42.48|&nbsp&nbsp&nbsp id=math >>>>> php?log=path
08/14/2024 16:39.16|&nbsp&nbsp&nbsp log=path >>>>> php?id=math
08/14/2024 16:39.08|&nbsp&nbsp&nbsp id=math >>>>> php?log=path
08/14/2024 16:37.18|&nbsp&nbsp&nbsp log=path >>>>> php?id=biology
08/14/2024 16:37.17|&nbsp&nbsp&nbsp id=biology >>>>> php?id=geography
08/14/2024 16:37.16|&nbsp&nbsp&nbsp id=geography >>>>> php?id=math
08/14/2024 16:37.16|&nbsp&nbsp&nbsp id=math >>>>> php?log=path
